// Jest Snapshot v1, https://goo.gl/fbAQLP

exports[`generator creates the out put with the correct service name 1`] = `
"// @flow

import * as actions from 'GrpcService-actions'
import * as actionTypes from 'GrpcService-action-types'
import * as apiClient from 'GrpcService-api-client'

const GrpcService = {
  actions,
  actionTypes,
  apiClient
}

module.exports = GrpcService"
`;

exports[`template creates template 1`] = `
"// @flow

import * as actions from 'ServiceName123-actions'
import * as actionTypes from 'ServiceName123-action-types'
import * as apiClient from 'ServiceName123-api-client'

const ServiceName123 = {
  actions,
  actionTypes,
  apiClient
}

module.exports = ServiceName123"
`;
